<svg xmlns="http://www.w3.org/2000/svg" id="svg-spritesheet" style="display: none;"></svg>
