<?xml version="1.0"?>
<svg width="48" height="60" aria-hidden="true" focusable="false" role="img">
  <use xmlns:xlink="http://www.w3.org/1999/xlink" xlink:href="#custom-fixed-width-height"/>
</svg>
