<?xml version="1.0"?>
<svg width="1.125em" class="svg-auto-size mr-4" aria-hidden="true" focusable="false" role="img">
  <use xmlns:xlink="http://www.w3.org/1999/xlink" xlink:href="#icons-house"/>
</svg>
