<?xml version="1.0"?>
<svg aria-hidden="true" focusable="false" role="img">
  <use xmlns:xlink="http://www.w3.org/1999/xlink" xlink:href="#custom-clock"/>
</svg>
